<html>
<body>
<pre>
<h1>µVision Build Log</h1>
<h2>Project:</h2>
C:\Users\Milosz\Desktop\Studia\Semestr 4\Podstawy techniki mikroprocesorowej\Laby\Projekt\Kalkulator\MDK-ARM\Kalkulator.uvproj
Project File Date:  06/03/2021

<h2>Output:</h2>
Build target 'Kalkulator'
linking...
Program Size: Code=8934 RO-data=294 RW-data=28 ZI-data=1260  
FromELF: creating hex file...
"Kalkulator\Kalkulator.axf" - 0 Error(s), 0 Warning(s).
</pre>
</body>
</html>
ling stm32f1xx_hal_gpio_ex.c...
compiling stm32f1xx_hal_tim.c...
compiling stm32f1xx_hal_tim_ex.c...
compiling stm32f1xx_hal.c...
compiling stm32f1xx_hal_rcc.c...
compiling stm32f1xx_hal_rcc_ex.c...
compiling stm32f1xx_hal_gpio.c...
compiling stm32f1xx_hal_dma.c...
compiling stm32f1xx_hal_cortex.c...
compiling stm32f1xx_hal_pwr.c...
compiling stm32f1xx_hal_flash.c...
compiling stm32f1xx_hal_flash_ex.c...
compiling stm32f1xx_hal_exti.c...
compiling stm32f1xx_hal_uart.c...
compiling system_stm32f1xx.c...
linking...
Program Size: Code=8934 RO-data=294 RW-data=28 ZI-data=1260  
FromELF: creating hex file...
"Kalkulator\Kalkulator.axf" - 0 Error(s), 0 Warning(s).
